Line:1 Position:1 Type error - Variable not defined in environment
