Line:8 Position:3 Type error - Assigning expr to a const field.
