Line:1 Position:9 Type error - Class Foo not defined in environment
