Program
└──Expr: Let var: x
   └──Expr: Constructor for:Foo
   └──Expr: Variable:x
