Program
└──Class: Foo
   └──CapTrait: Bar
      └──Cap: Linear
   └──Field Defn: f
      └──Mode: Var
      └──TField: Int
└──Class: Foo
   └──CapTrait: Chocolate
      └──Cap: Read
   └──Field Defn: g
      └──Mode: Const
      └──TField: Int
└──Class: Late
   └──CapTrait: Chocolate
      └──Cap: Read
   └──Field Defn: g
      └──Mode: Const
      └──TField: Int
└──Trait: Bar
   └──Cap: Linear
   └──Require
      └──Field Defn: f
         └──Mode: Var
         └──TField: Int
└──Trait: Chocolate
   └──Cap: Read
   └──Require
      └──Field Defn: g
         └──Mode: Const
         └──TField: Int
└──Expr: Let var: x
   └──Expr: Constructor for:Foo
   └──Expr: Assign: x.f
      └──Expr: Int:5
