Program
└──Class: Foo
   └──CapTrait: Bar
      └──Cap: Linear
   └──Field Defn: f
      └──Mode: Const
      └──TField: Int
   └──Field Defn: g
      └──Mode: Const
      └──TField: Int
   └──Field Defn: h
      └──Mode: Const
      └──TField: Int
└──Trait: Bar
   └──Cap: Linear
   └──Require
      └──Field Defn: f
         └──Mode: Const
         └──TField: Int
   └──Require
      └──Field Defn: g
         └──Mode: Const
         └──TField: Int
   └──Require
      └──Field Defn: h
         └──Mode: Const
         └──TField: Int
└──Expr: Let var: x
   └──Type expr: Class Foo
   └──Expr: Constructor for:Foo
      └── Field: f
         └──Expr: Int:4
      └── Field: g
         └──Expr: Int:5
      └── Field: h
         └──Expr: Int:6
   └──Expr: Variable:x
