Program
└──Expr: Let var: x
   └──Expr: Null
   └──Expr: Variable:x
