Program
└──Class: Foo
   └──CapTrait: Bar
      └──Cap: Read
   └──Field Defn: f
      └──Mode: Const
      └──TField: Int
└──Trait: Bar
   └──Cap: Linear
   └──Require
      └──Field Defn: f
         └──Mode: Var
         └──TField: Int
└──Expr: Let var: x
   └──Type expr: Class Foo
   └──Expr: Constructor for:Foo
      └── Field: f
         └──Expr: Int:5
   └──Expr: Objfield: x.f
