'./tests/programs/data_races' is not a bolt file. Hint: use the .bolt extension
