'./tests/programs/README.md' is not a bolt file. Hint: use the .bolt extension
