Frontend type-checking completed [0;32msuccessfully.
[0m
LLVM IR Codegen completed [0;32msuccessfully.
[0m
Native binary compiled [0;32msuccessfully.
[0m
i = 0;
i = 1;
i = 2;
i = 3;
i = 4;
i = 5;
i = 6;
i = 7;
i = 8;
i = 9;
