Error parsing command line.  Run with -help for usage information.
too many anonymous arguments
