Program
└──Class: Foo
   └──CapTrait: Bar
      └──Cap: Linear
   └──Field Defn: f
      └──Mode: Var
      └──TField: Int
└──Trait: Bar
   └──Cap: Linear
   └──Require
      └──Field Defn: f
         └──Mode: Var
         └──TField: Int
└──Expr: Let var: x
   └──Type expr: Class: Foo
   └──Expr: Constructor for: Foo
      └──Type expr: Class: Foo
      └── Field: f
         └──Type expr: Int
         └──Expr: Int:5
   └──Expr: Let var: y
      └──Type expr: Class: Foo
      └──Expr: Objfield: (Class: Foo) x.f
         └──Type expr: Int
      └──Expr: Variable: x
         └──Type expr: Class: Foo
