Program
└──Expr: App
   └──Type expr: Int
   └──Expr: Lambda fun: x
      └──Type expr: Int -> Int
      └──Arg: x
         └──Type expr: Int
      └──Expr: Variable:x
         └──Type expr: Int
   └──Expr: Int:4
