./tests/programs/bad_parse/missing_braces_in_class_and_trait_defns.bolt:4:6: syntax error
