Program
└──Expr: Seq
   └──Type expr: Int
   └──Expr: App
      └──Type expr: Int
      └──Expr: Lambda fun: x
         └──Type expr: Function
            └──Type expr: Int
            └──Type expr: Int
         └──Arg: x
            └──Type expr: Int
         └──Expr: Variable:x
            └──Type expr: Int
      └──Expr: Int:4
   └──Expr: App
      └──Type expr: Int
      └──Expr: Lambda fun: x
         └──Type expr: Function
            └──Type expr: Int
            └──Type expr: Int
         └──Arg: x
            └──Type expr: Int
         └──Expr: Variable:x
            └──Type expr: Int
      └──Expr: Int:5
   └──Expr: App
      └──Type expr: Int
      └──Expr: Lambda fun: x
         └──Type expr: Function
            └──Type expr: Int
            └──Type expr: Int
         └──Arg: x
            └──Type expr: Int
         └──Expr: Variable:x
            └──Type expr: Int
      └──Expr: Int:6
