Line:8 Position:3 Type error - Field g not defined in environment
