Duplicate trait declarations. Traits must have distinct names
