Line:8 Position:3 Potential data race: threads share mutable variables.
