'./tests/e2e/invalid_programs/not_a_program' is not a bolt file. Hint: use the .bolt extension
