'./tests/e2e/invalid_programs/wrong_extension.txt' is not a bolt file. Hint: use the .bolt extension
